{
    "-profile test": {
        "content": [
            16,
            {
                "HOTCOUNT": {
                    "hotcount": 0.0
                },
                "MERGE_READS": {
                    "cat": 9.5,
                    "gunzip": 1.13,
                    "gzip": 1.13
                },
                "PEAR": {
                    "pear": "0.9.6"
                },
                "SAMTOOLS_FASTQ": {
                    "samtools": 1.21
                },
                "SAMTOOLS_SORT": {
                    "samtools": 1.21
                },
                "SAMTOOLS_VIEW": {
                    "samtools": 1.21
                },
                "UNTAR": {
                    "untar": 1.34
                },
                "VARCOV": {
                    "cyvcf2": "0.31.2",
                    "openpyxl": "3.1.5",
                    "pandas": "2.3.3",
                    "python": "3.13.7"
                },
                "Workflow": {
                    "nf-cmgg/report": "v1.0.0dev"
                }
            },
            [
                "pacvar_repeat",
                "pacvar_repeat/reports",
                "pacvar_repeat/reports/sample1A.pacvar_repeat_report.xlsx",
                "pacvar_repeat/reports/sample2A.pacvar_repeat_report.xlsx",
                "pipeline_info",
                "pipeline_info/report_software_versions.yml",
                "rnafusion",
                "rnafusion/varcov",
                "rnafusion/varcov/NVQTEST_123",
                "rnafusion/varcov/NVQTEST_123/test.xlsx",
                "targeted",
                "targeted/hotcount",
                "targeted/hotcount/test1.counts.txt",
                "targeted/hotcount/test2.counts.txt"
            ],
            [
                
            ]
        ],
        "meta": {
            "nf-test": "0.9.3",
            "nextflow": "25.04.8"
        },
        "timestamp": "2026-01-06T15:28:13.800829579"
    }
}