{
    "-profile test": {
        "content": [
            14,
            {
                "HOTCOUNT": {
                    "hotcount": 0.0
                },
                "MERGE_READS": {
                    "cat": 9.5,
                    "gunzip": 1.13,
                    "gzip": 1.13
                },
                "PEAR": {
                    "pear": "0.9.6"
                },
                "SAMTOOLS_FASTQ": {
                    "samtools": 1.21
                },
                "SAMTOOLS_SORT": {
                    "samtools": 1.21
                },
                "SAMTOOLS_VIEW": {
                    "samtools": 1.21
                },
                "UNTAR": {
                    "untar": 1.34
                },
                "VARCOV": {
                    "python": "3.13.5",
                    "pandas": "2.3.1",
                    "openpyxl": "3.1.5",
                    "pyvcf3": "1.0.4"
                },
                "Workflow": {
                    "nf-cmgg/report": "v1.0.0dev"
                }
            },
            [
                "hotcount",
                "hotcount/test1.counts.txt",
                "hotcount/test2.counts.txt",
                "merge",
                "merge/test1.merged.fastq.gz",
                "merge/test2.merged.fastq.gz",
                "pear",
                "pear/test1.assembled.fastq.gz",
                "pear/test1.discarded.fastq.gz",
                "pear/test1.unassembled.forward.fastq.gz",
                "pear/test1.unassembled.reverse.fastq.gz",
                "pear/test2.assembled.fastq.gz",
                "pear/test2.discarded.fastq.gz",
                "pear/test2.unassembled.forward.fastq.gz",
                "pear/test2.unassembled.reverse.fastq.gz",
                "pipeline_info",
                "pipeline_info/report_software_versions.yml",
                "samtools_fastq",
                "samtools_fastq/test1.samtools_fastq_1.fastq.gz",
                "samtools_fastq/test1.samtools_fastq_2.fastq.gz",
                "samtools_fastq/test1.samtools_fastq_other.fastq.gz",
                "samtools_fastq/test1.samtools_fastq_singleton.fastq.gz",
                "samtools_fastq/test2.samtools_fastq_1.fastq.gz",
                "samtools_fastq/test2.samtools_fastq_2.fastq.gz",
                "samtools_fastq/test2.samtools_fastq_other.fastq.gz",
                "samtools_fastq/test2.samtools_fastq_singleton.fastq.gz",
                "samtools_sort",
                "samtools_sort/test1.samtools_sorted.bam",
                "samtools_sort/test2.samtools_sorted.bam",
                "samtools_view",
                "samtools_view/test1.samtools_view.bam",
                "samtools_view/test2.samtools_view.bam",
                "untar",
                "untar/NVQTEST_123",
                "untar/NVQTEST_123/ctatsplicing",
                "untar/NVQTEST_123/ctatsplicing/test.cancer.introns",
                "untar/NVQTEST_123/fusioninspector",
                "untar/NVQTEST_123/fusionreport",
                "untar/NVQTEST_123/fusionreport/test",
                "untar/NVQTEST_123/fusionreport/test/test.fusions.csv",
                "untar/NVQTEST_123/multiqc",
                "untar/NVQTEST_123/multiqc/multiqc_data",
                "untar/NVQTEST_123/multiqc/multiqc_data/multiqc_general_stats.txt",
                "untar/NVQTEST_123/star",
                "untar/NVQTEST_123/star/test.Aligned.sortedByCoord.out.bam",
                "untar/NVQTEST_123/star/test.Aligned.sortedByCoord.out.bam.bai",
                "untar/NVQTEST_123/stringtie",
                "untar/NVQTEST_123/stringtie/test.gene.abundance.txt",
                "untar/NVQTEST_123/vcf",
                "untar/NVQTEST_123/vcf/test_fusion_data.vcf",
                "varcov",
                "varcov/NVQTEST_123.xlsx"
            ],
            [
                "test1.merged.fastq.gz:md5,59c73d5ea391b6c469b6989621a5cc45",
                "test2.merged.fastq.gz:md5,62b5c1e44ea0dc5750d7da22069529bb",
                "test1.assembled.fastq.gz:md5,c1dcb99ec6540658b071205e5a359c81",
                "test1.discarded.fastq.gz:md5,d41d8cd98f00b204e9800998ecf8427e",
                "test1.unassembled.forward.fastq.gz:md5,cbebb4d7242e3363f379f5219d7a498e",
                "test1.unassembled.reverse.fastq.gz:md5,89a1dbe94cbdb98abc91d442012652af",
                "test2.assembled.fastq.gz:md5,a5fb647ff107fed9c8a368185ad1eec2",
                "test2.discarded.fastq.gz:md5,d41d8cd98f00b204e9800998ecf8427e",
                "test2.unassembled.forward.fastq.gz:md5,ba63e3cec5f349f3f9fbcaef6e1e1762",
                "test2.unassembled.reverse.fastq.gz:md5,8d34f2f021b75c20863e664ff1553f76",
                "test1.samtools_fastq_1.fastq.gz:md5,ee62f4f3ab828818da6259c0148bc9f7",
                "test1.samtools_fastq_2.fastq.gz:md5,a1ea6481428e3f43daa908bd0662811a",
                "test1.samtools_fastq_other.fastq.gz:md5,d41d8cd98f00b204e9800998ecf8427e",
                "test1.samtools_fastq_singleton.fastq.gz:md5,545311f9c69a62810d0dd0debf7259ae",
                "test2.samtools_fastq_1.fastq.gz:md5,faae74a8fc98a27bdc253f8701635af5",
                "test2.samtools_fastq_2.fastq.gz:md5,3daa0bfb49f7ba99920eace9885703cb",
                "test2.samtools_fastq_other.fastq.gz:md5,d41d8cd98f00b204e9800998ecf8427e",
                "test2.samtools_fastq_singleton.fastq.gz:md5,210ee408de7f12ead4a15dff048c8690",
                "test1.samtools_sorted.bam:md5,cd805d03b1ce32145a924b17d14c60b8",
                "test2.samtools_sorted.bam:md5,e7a183474b5527002f60ab6c08db8fe5",
                "test1.samtools_view.bam:md5,733d1986c59ae9d0d6272143194a95d0",
                "test2.samtools_view.bam:md5,49f2c412b1a00d47b74a749fc9e90f9f",
                "test.cancer.introns:md5,c0eb94972d845218c2e470b85c55871b",
                "test.fusions.csv:md5,01b51beefaa75bf27efdda83d98554c9",
                "multiqc_general_stats.txt:md5,307d9ecd2e3bc4aeb06953cbe3c0c9ac",
                "test.Aligned.sortedByCoord.out.bam:md5,1cfd2d8911d0215c08a939bace32274a",
                "test.Aligned.sortedByCoord.out.bam.bai:md5,128bc3ce0419b9ac8cb70bfe374204f4",
                "test.gene.abundance.txt:md5,f8f194d6c98d823114948bc821a395a7",
                "test_fusion_data.vcf:md5,fc4d86ee27221364ad174fb6fbdc10c2"
            ]
        ],
        "meta": {
            "nf-test": "0.9.2",
            "nextflow": "25.04.6"
        },
        "timestamp": "2025-09-10T16:35:54.175449646"
    }
}