{
    "base test": {
        "content": [
            [
                [
                    {
                        "id": "test"
                    },
                    "test.xlsx"
                ]
            ],
            [
                [
                    "VARCOV",
                    "python",
                    "3.13.7"
                ]
            ],
            [
                [
                    "VARCOV",
                    "pandas",
                    "2.3.3"
                ]
            ],
            [
                [
                    "VARCOV",
                    "openpyxl",
                    "3.1.5"
                ]
            ],
            [
                [
                    "VARCOV",
                    "cyvcf2",
                    "0.31.2"
                ]
            ]
        ],
        "meta": {
            "nf-test": "0.9.2",
            "nextflow": "25.04.6"
        },
        "timestamp": "2025-10-13T10:39:49.62448364"
    },
    "stub": {
        "content": [
            {
                "0": [
                    [
                        {
                            "id": "test"
                        },
                        "test.xlsx:md5,d41d8cd98f00b204e9800998ecf8427e"
                    ]
                ],
                "1": [
                    [
                        "VARCOV",
                        "python",
                        "3.13.7"
                    ]
                ],
                "2": [
                    [
                        "VARCOV",
                        "pandas",
                        "2.3.3"
                    ]
                ],
                "3": [
                    [
                        "VARCOV",
                        "openpyxl",
                        "3.1.5"
                    ]
                ],
                "4": [
                    [
                        "VARCOV",
                        "cyvcf2",
                        "0.31.2"
                    ]
                ],
                "output": [
                    [
                        {
                            "id": "test"
                        },
                        "test.xlsx:md5,d41d8cd98f00b204e9800998ecf8427e"
                    ]
                ],
                "versions_cyvcf2": [
                    [
                        "VARCOV",
                        "cyvcf2",
                        "0.31.2"
                    ]
                ],
                "versions_openpyxl": [
                    [
                        "VARCOV",
                        "openpyxl",
                        "3.1.5"
                    ]
                ],
                "versions_pandas": [
                    [
                        "VARCOV",
                        "pandas",
                        "2.3.3"
                    ]
                ],
                "versions_python": [
                    [
                        "VARCOV",
                        "python",
                        "3.13.7"
                    ]
                ]
            }
        ],
        "meta": {
            "nf-test": "0.9.2",
            "nextflow": "25.04.6"
        },
        "timestamp": "2025-10-13T10:40:01.260867978"
    }
}