{
    "stub": {
        "content": [
            [
                [
                    {
                        "id": "test"
                    },
                    "test.merged.fastq.gz:md5,d41d8cd98f00b204e9800998ecf8427e"
                ]
            ],
            [
                "versions.yml:md5,59ace0725ae632fac983529072150027"
            ]
        ],
        "meta": {
            "nf-test": "0.9.2",
            "nextflow": "24.10.4"
        },
        "timestamp": "2025-05-13T15:24:13.786557219"
    },
    "chr2-subset - [meta, pear_assembled, samtools_singleton]": {
        "content": [
            [
                [
                    {
                        "id": "test"
                    },
                    "test.merged.fastq.gz:md5,59c73d5ea391b6c469b6989621a5cc45"
                ]
            ],
            [
                "versions.yml:md5,59ace0725ae632fac983529072150027"
            ]
        ],
        "meta": {
            "nf-test": "0.9.2",
            "nextflow": "24.10.4"
        },
        "timestamp": "2025-05-13T15:24:05.976757947"
    }
}